******************************************************************************
                  TI ARM Linker PC v20.2.5                     
******************************************************************************
>> Linked Fri Jun 17 12:24:39 2022

OUTPUT FILE NAME:   <VS_Gr06_LabProject_CoAP_Server.out>
ENTRY POINT SYMBOL: "_c_int00_noargs"  address: 00010269


MEMORY CONFIGURATION

         name            origin    length      used     unused   attr    fill
----------------------  --------  ---------  --------  --------  ----  --------
  FLASH                 00000000   00100000  00013862  000ec79e  R  X
  SRAM                  20000000   00040000  0003465d  0000b9a3  RW X


SEGMENT ALLOCATION MAP

run origin  load origin   length   init length attrs members
----------  ----------- ---------- ----------- ----- -------
00000000    00000000    00013868   00013868    r-x
  00000000    00000000    00000200   00000200    r-- .intvecs
  00000200    00000200    00011876   00011876    r-x .text
  00011a78    00011a78    00001d14   00001d14    r-- .const
  00013790    00013790    000000d8   000000d8    r-- .cinit
20000000    20000000    00034664   00000000    rw-
  20000000    20000000    000303a1   00000000    rw- .bss
  200303a8    200303a8    00002000   00000000    rw- .stack
  200323a8    200323a8    00002000   00000000    rw- .sysmem
  200343a8    200343a8    000002bc   00000000    rw- .data


SECTION ALLOCATION MAP

 output                                  attributes/
section   page    origin      length       input sections
--------  ----  ----------  ----------   ----------------
.intvecs   0    00000000    00000200     
                  00000000    00000200     startup_ccs.obj (.intvecs)

.text      0    00000200    00011876     
                  00000200    00000b14     rtsv7M4_T_le_v4SPD16_eabi.lib : _scanfi.c.obj (.text:__TI_scanfi)
                  00000d14    00000a4e                                   : _printfi.c.obj (.text:__TI_printfi)
                  00001762    00000002     startup_ccs.obj (.text:FaultISR)
                  00001764    0000079c     lwiplib.obj (.text:tcp_receive)
                  00001f00    00000460     rtsv7M4_T_le_v4SPD16_eabi.lib : strtod.c.obj (.text:strtod)
                  00002360    000003cc     lwiplib.obj (.text:tcp_input)
                  0000272c    000003b4     lwiplib.obj (.text:tcp_process)
                  00002ae0    0000030c     CFAF128128B0145T.obj (.text:CFAF128128B0145T_init)
                  00002dec    000002e4     lwiplib.obj (.text:tcp_write)
                  000030d0    000002c8     lwiplib.obj (.text:tcp_slowtmr)
                  00003398    0000028c     coap_handler.obj (.text:messageHandler)
                  00003624    00000270     rtsv7M4_T_le_v4SPD16_eabi.lib : _printfi.c.obj (.text:_pconv_a)
                  00003894    00000238     CFAF128128B0145T.obj (.text:CFAF128128B0145T_text)
                  00003acc    00000228     lwiplib.obj (.text:dhcp_parse_reply)
                  00003cf4    0000020c     pinout.obj (.text:PinoutSet)
                  00003f00    00000200     driverlib.lib : sysctl.obj (.text:SysCtlClockFreqSet)
                  00004100    00000200     rtsv7M4_T_le_v4SPD16_eabi.lib : s_exp2.c.obj (.text:exp2)
                  00004300    000001f0     lwiplib.obj (.text:ip_input)
                  000044f0    000001f0     lwiplib.obj (.text:udp_input)
                  000046e0    000001ee     uartstdio.obj (.text:UARTvprintf)
                  000048ce    00000002     startup_ccs.obj (.text:IntDefaultHandler)
                  000048d0    000001e8     CFAF128128B0145T.obj (.text:CFAF128128B0145T_circle)
                  00004ab8    000001dc     rtsv7M4_T_le_v4SPD16_eabi.lib : strtoll.c.obj (.text:strtoll)
                  00004c94    000001d0                                   : _printfi.c.obj (.text:_pconv_g)
                  00004e64    000001bc     mongoose.obj (.text:mbuf_insert)
                  00005020    000001b6     rtsv7M4_T_le_v4SPD16_eabi.lib : fd_add_t2.asm.obj (.text)
                  000051d6    00000002     startup_ccs.obj (.text:NmiSR)
                  000051d8    000001a4     lwiplib.obj (.text:icmp_input)
                  0000537c    000001a0     mongoose.obj (.text:mg_call)
                  0000551c    0000018c     lwiplib.obj (.text:tcp_output)
                  000056a8    00000188     mongoose.obj (.text:mg_if_recv_udp_cb)
                  00005830    0000016c     driverlib.lib : gpio.obj (.text:GPIOPadConfigSet)
                  0000599c    00000168     mongoose.obj (.text:mg_parse_address)
                  00005b04    00000164     tasks.obj (.text:xTaskIncrementTick)
                  00005c68    0000015c     mongoose.obj (.text:mg_bind_opt)
                  00005dc4    0000015c     rtsv7M4_T_le_v4SPD16_eabi.lib : strtoull.c.obj (.text:strtoull)
                  00005f20    00000150     lwiplib.obj (.text:etharp_arp_input)
                  00006070    0000014e     CFAF128128B0145T.obj (.text:CFAF128128B0145T_line)
                  000061be    00000002     rtsv7M4_T_le_v4SPD16_eabi.lib : _lock.c.obj (.text:_nop)
                  000061c0    00000148     lwiplib.obj (.text:tcp_close_shutdown)
                  00006308    00000144     lwiplib.obj (.text:tivaif_receive)
                  0000644c    00000144     tasks.obj (.text:xTaskResumeAll)
                  00006590    00000142     mongoose.obj (.text:mg_match_prefix_n)
                  000066d2    00000002     mongoose.obj (.text:mg_lwip_if_add_conn)
                  000066d4    0000013c     CFAF128128B0145T.obj (.text:CFAF128128B0145T__fastFill)
                  00006810    0000013c     rtsv7M4_T_le_v4SPD16_eabi.lib : _printfi.c.obj (.text:_pconv_e)
                  0000694c    0000013c     lwiplib.obj (.text:pbuf_alloc)
                  00006a88    00000138     VS_Gr06_LabProject_CoAP_Server.obj (.text:main)
                  00006bc0    00000136     rtsv7M4_T_le_v4SPD16_eabi.lib : fd_div_t2.asm.obj (.text)
                  00006cf6    00000002     VS_Gr06_LabProject_CoAP_Server.obj (.text:mg_lwip_mgr_schedule_poll)
                  00006cf8    00000130     rtsv7M4_T_le_v4SPD16_eabi.lib : strtol.c.obj (.text:strtol)
                  00006e28    00000128     lwiplib.obj (.text:etharp_output)
                  00006f50    00000124     lwiplib.obj (.text:dhcp_create_msg)
                  00007074    00000124     rtsv7M4_T_le_v4SPD16_eabi.lib : _printfi.c.obj (.text:fcvt)
                  00007198    00000124     mongoose.obj (.text:mg_lwip_tcp_write_tcpip)
                  000072bc    00000118     lwiplib.obj (.text:mem_malloc)
                  000073d4    00000114     lwiplib.obj (.text:etharp_query)
                  000074e8    00000114     rtsv7M4_T_le_v4SPD16_eabi.lib : fputs.c.obj (.text:fputs)
                  000075fc    00000114     mongoose.obj (.text:mg_hexdump_n)
                  00007710    00000114     lwiplib.obj (.text:tcp_listen_input)
                  00007824    00000110     rtsv7M4_T_le_v4SPD16_eabi.lib : s_scalbn.c.obj (.text:scalbn)
                  00007934    00000110                                   : strtoul.c.obj (.text:strtoul)
                  00007a44    0000010e     coap_handler.obj (.text:mg_coap_send_by_discover)
                  00007b52    00000002     rtsv7M4_T_le_v4SPD16_eabi.lib : div0.asm.obj (.text)
                  00007b54    00000108     lwiplib.obj (.text:mem_trim)
                  00007c5c    00000108     mongoose.obj (.text:mg_hexdump_connection)
                  00007d64    00000104     display_handler.obj (.text:ioDisplayUpdate)
                  00007e68    00000104     mongoose.obj (.text:mg_lwip_if_connect_tcp_tcpip)
                  00007f6c    00000104     mongoose.obj (.text:mg_recv_common)
                  00008070    00000100     rtsv7M4_T_le_v4SPD16_eabi.lib : memory.c.obj (.text:aligned_alloc)
                  00008170    00000100     mongoose.obj (.text:mg_lwip_if_poll)
                  00008270    000000fc     mongoose.obj (.text:mg_mgr_init_opt)
                  0000836c    000000fc     rtsv7M4_T_le_v4SPD16_eabi.lib : fd_mul_t2.asm.obj (.text)
                  00008468    000000fc     lwiplib.obj (.text:tivaif_transmit)
                  00008564    000000f8     lwiplib.obj (.text:tcp_connect)
                  0000865c    000000f4     mongoose.obj (.text:mg_coap_compose)
                  00008750    000000f4     mongoose.obj (.text:mg_lwip_udp_send)
                  00008844    000000f4     queue.obj (.text:xQueueReceive)
                  00008938    000000f0     queue.obj (.text:xQueueGenericSend)
                  00008a28    000000ec     lwiplib.obj (.text:lwIPInit)
                  00008b14    000000ec     mongoose.obj (.text:mg_lwip_if_destroy_conn)
                  00008c00    000000ec     coap_handler.obj (.text:uartDisplay)
                  00008cec    000000ec     lwiplib.obj (.text:udp_sendto_if)
                  00008dd8    000000e8     lwiplib.obj (.text:ip_output_if)
                  00008ec0    000000e8     tasks.obj (.text:xTaskRemoveFromEventList)
                  00008fa8    000000e4     rtsv7M4_T_le_v4SPD16_eabi.lib : memory.c.obj (.text:free)
                  0000908c    000000e4                                   : memory.c.obj (.text:realloc)
                  00009170    000000e0     lwiplib.obj (.text:etharp_find_entry)
                  00009250    000000e0     tasks.obj (.text:prvAddNewTaskToReadyList)
                  00009330    000000e0     timers.obj (.text:prvProcessReceivedCommands)
                  00009410    000000dc     display_handler.obj (.text:colorUpdate)
                  000094ec    000000dc     lwiplib.obj (.text:etharp_raw)
                  000095c8    000000dc     mongoose.obj (.text:mg_lwip_tcp_recv_cb)
                  000096a4    000000dc     rtsv7M4_T_le_v4SPD16_eabi.lib : setvbuf.c.obj (.text:setvbuf)
                  00009780    000000da     portasm.obj (.text)
                  0000985a    00000002     --HOLE-- [fill = 0]
                  0000985c    000000d8     lwiplib.obj (.text:tcp_output_segment)
                  00009934    000000d4     lwiplib.obj (.text:autoip_tmr)
                  00009a08    000000d4     lwiplib.obj (.text:dhcp_select)
                  00009adc    000000d0     display_handler.obj (.text:ioDisplaySetup)
                  00009bac    000000d0     heap_4.obj (.text:pvPortMalloc)
                  00009c7c    000000d0     lwiplib.obj (.text:tcp_alloc)
                  00009d4c    000000cc     lwiplib.obj (.text:dhcp_recv)
                  00009e18    000000c8     mongoose.obj (.text:coap_get_options)
                  00009ee0    000000c8     lwiplib.obj (.text:dhcp_bind)
                  00009fa8    000000c8     lwiplib.obj (.text:lwIPPrivateInit)
                  0000a070    000000c8     mongoose.obj (.text:mg_lwip_send_more)
                  0000a138    000000c4     lwiplib.obj (.text:InitDMADescriptors)
                  0000a1fc    000000c4     lwiplib.obj (.text:dhcp_discover)
                  0000a2c0    000000c0     tasks.obj (.text:vTaskDelete)
                  0000a380    000000bc     lwiplib.obj (.text:tivaif_hwinit)
                  0000a43c    000000b8     mongoose.obj (.text:mg_lwip_if_listen_tcp_tcpip)
                  0000a4f4    000000b8     lwiplib.obj (.text:tcp_create_segment)
                  0000a5ac    000000b4     mongoose.obj (.text:mg_lwip_accept_cb)
                  0000a660    000000b1     rtsv7M4_T_le_v4SPD16_eabi.lib : _printfi.c.obj (.text:_ltostr)
                  0000a711    00000003     --HOLE-- [fill = 0]
                  0000a714    000000b0     mongoose.obj (.text:coap_calculate_packet_size)
                  0000a7c4    000000b0     mongoose.obj (.text:mg_lwip_consume_rx_chain_tcp)
                  0000a874    000000b0     tasks.obj (.text:prvAddCurrentTaskToDelayedList)
                  0000a924    000000ac     lwiplib.obj (.text:ethernet_input)
                  0000a9d0    000000ac     mongoose.obj (.text:mg_lwip_if_listen_udp_tcpip)
                  0000aa7c    000000ac     mongoose.obj (.text:mg_lwip_if_recved)
                  0000ab28    000000ac     mongoose.obj (.text:mg_lwip_udp_recv_cb)
                  0000abd4    000000ac     lwiplib.obj (.text:tcp_enqueue_flags)
                  0000ac80    000000ac     lwiplib.obj (.text:tcp_zero_window_probe)
                  0000ad2c    000000aa     tasks.obj (.text:prvInitialiseNewTask)
                  0000add6    00000002     --HOLE-- [fill = 0]
                  0000add8    000000a8     lwiplib.obj (.text:dhcp_release)
                  0000ae80    000000a8     lwiplib.obj (.text:dhcp_start)
                  0000af28    000000a8     lwiplib.obj (.text:lwIPEthernetIntHandler)
                  0000afd0    000000a4     lightsensor_handler.obj (.text:ReadI2CRegister)
                  0000b074    000000a4     mongoose.obj (.text:mg_if_accept_new_conn)
                  0000b118    000000a0     lwiplib.obj (.text:inet_chksum_pseudo)
                  0000b1b8    0000009c     rtsv7M4_T_le_v4SPD16_eabi.lib : memcpy_t2.asm.obj (.text)
                  0000b254    0000009c     lwiplib.obj (.text:tcp_listen_with_backlog)
                  0000b2f0    0000009c     queue.obj (.text:xQueueGenericReset)
                  0000b38c    00000098     lwiplib.obj (.text:dhcp_reboot)
                  0000b424    00000096     rtsv7M4_T_le_v4SPD16_eabi.lib : ull_div_t2.asm.obj (.text)
                  0000b4ba    00000002     --HOLE-- [fill = 0]
                  0000b4bc    00000094     VS_Gr06_LabProject_CoAP_Server.obj (.text:vTaskMongoose)
                  0000b550    00000092     lwiplib.obj (.text:pbuf_copy)
                  0000b5e2    00000002     --HOLE-- [fill = 0]
                  0000b5e4    00000090     lwiplib.obj (.text:tcp_abandon)
                  0000b674    00000090     lwiplib.obj (.text:tcp_rst)
                  0000b704    00000090     lwiplib.obj (.text:tcpip_thread)
                  0000b794    00000090     tasks.obj (.text:xTaskPriorityDisinherit)
                  0000b824    0000008e     mongoose.obj (.text:mg_ev_mgr_lwip_process_signals)
                  0000b8b2    00000002     --HOLE-- [fill = 0]
                  0000b8b4    0000008d     mongoose.obj (.text:mg_sock_addr_to_str)
                  0000b941    00000003     --HOLE-- [fill = 0]
                  0000b944    0000008c     rtsv7M4_T_le_v4SPD16_eabi.lib : fputc.c.obj (.text:fputc)
                  0000b9d0    0000008c     mongoose.obj (.text:mg_if_sent_cb)
                  0000ba5c    0000008c     mongoose.obj (.text:mg_lwip_if_connect_udp_tcpip)
                  0000bae8    00000088     mongoose.obj (.text:cs_log_print_prefix)
                  0000bb70    00000088     lwiplib.obj (.text:mem_free)
                  0000bbf8    00000088     lightsensor_handler.obj (.text:sensorOpt3001Setup)
                  0000bc80    00000088     temperature_handler.obj (.text:tmp006Init)
                  0000bd08    00000086     rtsv7M4_T_le_v4SPD16_eabi.lib : fd_cmp_t2.asm.obj (.text:__aeabi_cdcmple)
                  0000bd8e    00000086                                   : fd_cmp_t2.asm.obj (.text:__aeabi_cdrcmple)
                  0000be14    00000084     lightsensor_handler.obj (.text:WriteI2CRegister)
                  0000be98    00000084     temperature_handler.obj (.text:WriteI2CRegisterTemp)
                  0000bf1c    00000084     lwiplib.obj (.text:lwIPLinkDetect)
                  0000bfa0    00000084     lwiplib.obj (.text:tcp_timewait_input)
                  0000c024    00000084     lwiplib.obj (.text:tivaif_process_phy_interrupt)
                  0000c0a8    00000080     lwiplib.obj (.text:dhcp_rebind)
                  0000c128    00000080     lwiplib.obj (.text:dhcp_renew)
                  0000c1a8    00000080     lwiplib.obj (.text:ipaddr_ntoa_r)
                  0000c228    00000080     VS_Gr06_LabProject_CoAP_Server.obj (.text:lwIPHostTimerHandler)
                  0000c2a8    00000080     mongoose.obj (.text:mg_lwip_tcp_conn_cb)
                  0000c328    00000080     lwiplib.obj (.text:sys_sem_new)
                  0000c3a8    00000080     lwiplib.obj (.text:tcp_bind)
                  0000c428    0000007e     lwiplib.obj (.text:autoip_arp_reply)
                  0000c4a6    00000002     --HOLE-- [fill = 0]
                  0000c4a8    0000007c     lwiplib.obj (.text:dhcp_handle_ack)
                  0000c524    0000007c     lwiplib.obj (.text:dhcp_timeout)
                  0000c5a0    0000007c     rtsv7M4_T_le_v4SPD16_eabi.lib : fflush.c.obj (.text:fflush)
                  0000c61c    0000007c     mongoose.obj (.text:mg_create_connection_base)
                  0000c698    0000007c     mongoose.obj (.text:mg_lwip_tcp_sent_cb)
                  0000c714    0000007c     lwiplib.obj (.text:tcp_oos_insert_segment)
                  0000c790    0000007c     lwiplib.obj (.text:tcp_parseopt)
                  0000c80c    0000007a     rtsv7M4_T_le_v4SPD16_eabi.lib : memset_t2.asm.obj (.text)
                  0000c886    00000002     --HOLE-- [fill = 0]
                  0000c888    00000078     driverlib.lib : emac.obj (.text:EMACInit)
                  0000c900    00000078     mongoose.obj (.text:mg_mgr_poll)
                  0000c978    00000078     lwiplib.obj (.text:sys_thread_new)
                  0000c9f0    00000076     queue.obj (.text:prvCopyDataToQueue)
                  0000ca66    00000002     --HOLE-- [fill = 0]
                  0000ca68    00000074     CFAF128128B0145T.obj (.text:CFAF128128B0145T__setWindow)
                  0000cadc    00000074     rtsv7M4_T_le_v4SPD16_eabi.lib : fclose.c.obj (.text:__TI_closefile)
                  0000cb50    00000074     lwiplib.obj (.text:etharp_update_arp_entry)
                  0000cbc4    00000074     mongoose.obj (.text:mg_if_connect_cb)
                  0000cc38    00000074     lwiplib.obj (.text:raw_input)
                  0000ccac    00000070     mongoose.obj (.text:coap_parse_header)
                  0000cd1c    00000070     lwiplib.obj (.text:memp_init)
                  0000cd8c    00000070     mongoose.obj (.text:mg_close_conn)
                  0000cdfc    00000070     heap_4.obj (.text:prvHeapInit)
                  0000ce6c    00000070     timers.obj (.text:prvProcessTimerOrBlockTask)
                  0000cedc    00000070     rtsv7M4_T_le_v4SPD16_eabi.lib : memory.c.obj (.text:split)
                  0000cf4c    00000070     lwiplib.obj (.text:sys_mbox_new)
                  0000cfbc    00000070     lwiplib.obj (.text:tcp_fasttmr)
                  0000d02c    00000070     tasks.obj (.text:vTaskStartScheduler)
                  0000d09c    0000006e     rtsv7M4_T_le_v4SPD16_eabi.lib : _printfi.c.obj (.text:_mcpy)
                  0000d10a    0000006e                                   : fd_tos_t2.asm.obj (.text)
                  0000d178    0000006c     CFAF128128B0145T.obj (.text:CFAF128128B0145T__writeData88)
                  0000d1e4    0000006c     rtsv7M4_T_le_v4SPD16_eabi.lib : hostrename.c.obj (.text:HOSTrename)
                  0000d250    0000006c     lwiplib.obj (.text:icmp_send_response)
                  0000d2bc    0000006c     mongoose.obj (.text:mg_lwip_tcp_error_cb)
                  0000d328    0000006a     mongoose.obj (.text:coap_handler)
                  0000d392    00000002     --HOLE-- [fill = 0]
                  0000d394    00000068     CFAF128128B0145T.obj (.text:CFAF128128B0145T__writeData16)
                  0000d3fc    00000068     rtsv7M4_T_le_v4SPD16_eabi.lib : hostlseek.c.obj (.text:HOSTlseek)
                  0000d464    00000068     driverlib.lib : interrupt.obj (.text:IntEnable)
                  0000d4cc    00000068     rtsv7M4_T_le_v4SPD16_eabi.lib : sscanf.c.obj (.text:_chkmbc)
                  0000d534    00000068                                   : copy_decompress_lzss.c.obj (.text:decompress:lzss:__TI_decompress_lzss)
                  0000d59c    00000068     lwiplib.obj (.text:dhcp_decline)
                  0000d604    00000068     lwiplib.obj (.text:lwip_standard_chksum)
                  0000d66c    00000068     lwiplib.obj (.text:mem_init)
                  0000d6d4    00000068     mongoose.obj (.text:mg_add_conn)
                  0000d73c    00000068     lwiplib.obj (.text:netif_set_ipaddr)
                  0000d7a4    00000068     lightsensor_handler.obj (.text:sensorOpt3001Read)
                  0000d80c    00000068     lwiplib.obj (.text:sys_timeout)
                  0000d874    00000068     lwiplib.obj (.text:tcp_output_alloc_header)
                  0000d8dc    00000068     lwiplib.obj (.text:tcp_process_refused_data)
                  0000d944    00000068     lwiplib.obj (.text:udp_bind)
                  0000d9ac    00000066     mongoose.obj (.text:mg_create_connection)
                  0000da12    00000066     lwiplib.obj (.text:pbuf_copy_partial)
                  0000da78    00000064     rtsv7M4_T_le_v4SPD16_eabi.lib : fprintf.c.obj (.text:fprintf)
                  0000dadc    00000064                                   : s_frexp.c.obj (.text:frexp)
                  0000db40    00000064                                   : fseek.c.obj (.text:fseek)
                  0000dba4    00000064     lwiplib.obj (.text:pbuf_header)
                  0000dc08    00000062     rtsv7M4_T_le_v4SPD16_eabi.lib : _io_perm.c.obj (.text:__TI_wrt_ok)
                  0000dc6a    00000002     --HOLE-- [fill = 0]
                  0000dc6c    00000060     CFAF128128B0145T.obj (.text:CFAF128128B0145T_rectangle)
                  0000dccc    00000060     rtsv7M4_T_le_v4SPD16_eabi.lib : hostopen.c.obj (.text:HOSTopen)
                  0000dd2c    00000060     uartstdio.obj (.text:UARTStdioConfig)
                  0000dd8c    00000060     mongoose.obj (.text:mg_if_timer)
                  0000ddec    00000060     lwiplib.obj (.text:plug_holes)
                  0000de4c    00000060     tasks.obj (.text:prvInitialiseTaskLists)
                  0000deac    00000060     lwiplib.obj (.text:sys_timeouts_mbox_fetch)
                  0000df0c    00000060     queue.obj (.text:xQueueGenericSendFromISR)
                  0000df6c    0000005e     mongoose.obj (.text:mg_lwip_handle_recv_udp)
                  0000dfca    0000005e     queue.obj (.text:prvUnlockQueue)
                  0000e028    0000005e     tasks.obj (.text:xTaskCreate)
                  0000e086    00000002     --HOLE-- [fill = 0]
                  0000e088    0000005c     rtsv7M4_T_le_v4SPD16_eabi.lib : close.c.obj (.text:close)
                  0000e0e4    0000005c     timers.obj (.text:prvCheckForValidListAndQueue)
                  0000e140    0000005c     lwiplib.obj (.text:tcp_keepalive)
                  0000e19c    0000005c     lwiplib.obj (.text:tcp_pcb_remove)
                  0000e1f8    0000005c     lwiplib.obj (.text:tcp_send_empty_ack)
                  0000e254    0000005c     lwiplib.obj (.text:tcpip_callback_with_block)
                  0000e2b0    0000005c     tasks.obj (.text:vTaskSwitchContext)
                  0000e30c    0000005a     lwiplib.obj (.text:pbuf_realloc)
                  0000e366    00000002     --HOLE-- [fill = 0]
                  0000e368    00000058     driverlib.lib : emac.obj (.text:EMACPHYConfigSet)
                  0000e3c0    00000058     rtsv7M4_T_le_v4SPD16_eabi.lib : hostread.c.obj (.text:HOSTread)
                  0000e418    00000058                                   : hostwrite.c.obj (.text:HOSTwrite)
                  0000e470    00000058     lwiplib.obj (.text:autoip_create_addr)
                  0000e4c8    00000058     lwiplib.obj (.text:autoip_start)
                  0000e520    00000058     lwiplib.obj (.text:memp_malloc)
                  0000e578    00000058     mongoose.obj (.text:mg_lwip_if_init)
                  0000e5d0    00000058     lwiplib.obj (.text:tcp_new_port)
                  0000e628    00000058     tasks.obj (.text:xTaskCheckForTimeOut)
                  0000e680    00000056     rtsv7M4_T_le_v4SPD16_eabi.lib : _printfi.c.obj (.text:_pconv_f)
                  0000e6d6    00000056     lwiplib.obj (.text:tcp_rexmit)
                  0000e72c    00000054     CFAF128128B0145T.obj (.text:CFAF128128B0145T__writeCommand)
                  0000e780    00000054     CFAF128128B0145T.obj (.text:CFAF128128B0145T__writeData)
                  0000e7d4    00000054     rtsv7M4_T_le_v4SPD16_eabi.lib : _ltoa.c.obj (.text:__TI_ltoa)
                  0000e828    00000054     mongoose.obj (.text:cs_time)
                  0000e87c    00000054     mongoose.obj (.text:mg_coap_add_option)
                  0000e8d0    00000052     rtsv7M4_T_le_v4SPD16_eabi.lib : _printfi.c.obj (.text:_ecpy)
                  0000e922    00000052     lwiplib.obj (.text:tcp_pbuf_prealloc)
                  0000e974    00000052     lwiplib.obj (.text:tivaif_process_transmit)
                  0000e9c6    00000002     --HOLE-- [fill = 0]
                  0000e9c8    00000050     driverlib.lib : sysctl.obj (.text:SysCtlPeripheralReset)
                  0000ea18    00000050     uartstdio.obj (.text:UARTwrite)
                  0000ea68    00000050     mongoose.obj (.text:mg_lwip_if_get_conn_addr)
                  0000eab8    00000050     lwiplib.obj (.text:netif_add)
                  0000eb08    00000050     lwiplib.obj (.text:tcp_write_checks)
                  0000eb58    00000050     lwiplib.obj (.text:tcpip_init)
                  0000eba8    0000004e     lwiplib.obj (.text:autoip_start_probing)
                  0000ebf6    0000004e     lwiplib.obj (.text:inet_chksum_pbuf)
                  0000ec44    0000004e     lwiplib.obj (.text:pbuf_free)
                  0000ec92    00000002     --HOLE-- [fill = 0]
                  0000ec94    0000004c     driverlib.lib : gpio.obj (.text:GPIOPinConfigure)
                  0000ece0    0000004c                   : i2c.obj (.text:I2CMasterInitExpClk)
                  0000ed2c    0000004c     rtsv7M4_T_le_v4SPD16_eabi.lib : fflush.c.obj (.text:__TI_doflush)
                  0000ed78    0000004c                                   : atoi.c.obj (.text:atoi)
                  0000edc4    0000004c     coap_handler.obj (.text:coap_handler)
                  0000ee10    0000004c     lwiplib.obj (.text:ip_route)
                  0000ee5c    0000004c     heap_4.obj (.text:prvInsertBlockIntoFreeList)
                  0000eea8    0000004c     rtsv7M4_T_le_v4SPD16_eabi.lib : snprintf.c.obj (.text:snprintf)
                  0000eef4    0000004c     lwiplib.obj (.text:tcpip_input)
                  0000ef40    0000004c     lwiplib.obj (.text:tivaif_interrupt)
                  0000ef8c    0000004c     lwiplib.obj (.text:udp_connect)
                  0000efd8    0000004c     lwiplib.obj (.text:udp_new_port)
                  0000f024    0000004c     rtsv7M4_T_le_v4SPD16_eabi.lib : vfprintf.c.obj (.text:vfprintf)
                  0000f070    0000004a     mongoose.obj (.text:mg_coap_parse)
                  0000f0ba    00000002     --HOLE-- [fill = 0]
                  0000f0bc    00000048     rtsv7M4_T_le_v4SPD16_eabi.lib : hosttime.c.obj (.text:HOSTtime)
                  0000f104    00000048     driverlib.lib : sysctl.obj (.text:_SysCtlFrequencyGet)
                  0000f14c    00000048     lwiplib.obj (.text:etharp_output_to_arp_index)
                  0000f194    00000048     rtsv7M4_T_le_v4SPD16_eabi.lib : exit.c.obj (.text:exit)
                  0000f1dc    00000048                                   : fd_toi_t2.asm.obj (.text)
                  0000f224    00000048     lwiplib.obj (.text:sys_untimeout)
                  0000f26c    00000048     lwiplib.obj (.text:tcp_kill_prio)
                  0000f2b4    00000048     lwiplib.obj (.text:tcp_rexmit_fast)
                  0000f2fc    00000048     lwiplib.obj (.text:tivaif_check_pbuf)
                  0000f344    00000048     heap_4.obj (.text:vPortFree)
                  0000f38c    00000048     queue.obj (.text:vQueueWaitForMessageRestricted)
                  0000f3d4    00000046     mongoose.obj (.text:coap_get_ext_opt)
                  0000f41a    00000046     lwiplib.obj (.text:tcp_send_fin)
                  0000f460    00000044     rtsv7M4_T_le_v4SPD16_eabi.lib : hostclose.c.obj (.text:HOSTclose)
                  0000f4a4    00000044                                   : hostunlink.c.obj (.text:HOSTunlink)
                  0000f4e8    00000044                                   : autoinit.c.obj (.text:__TI_auto_init_nobinit_nopinit:__TI_auto_init_nobinit_nopinit)
                  0000f52c    00000044     mongoose.obj (.text:cs_log_printf)
                  0000f570    00000044     rtsv7M4_T_le_v4SPD16_eabi.lib : getdevice.c.obj (.text:getdevice)
                  0000f5b4    00000044     lwiplib.obj (.text:ip_output)
                  0000f5f8    00000044     lwiplib.obj (.text:lwIPInterruptTask)
                  0000f63c    00000044     tasks.obj (.text:prvCheckTasksWaitingTermination)
                  0000f680    00000044     timers.obj (.text:prvInsertTimerInActiveList)
                  0000f6c4    00000044     rtsv7M4_T_le_v4SPD16_eabi.lib : fd_tou_t2.asm.obj (.text)
                  0000f708    00000044     lwiplib.obj (.text:sys_arch_mbox_fetch)
                  0000f74c    00000044     lwiplib.obj (.text:sys_timeouts_init)
                  0000f790    00000042     lwiplib.obj (.text:dhcp_network_changed)
                  0000f7d2    00000042     lwiplib.obj (.text:dhcp_option_long)
                  0000f814    00000042     lwiplib.obj (.text:sys_arch_sem_wait)
                  0000f856    00000042     lwiplib.obj (.text:tcp_pcb_purge)
                  0000f898    00000042     queue.obj (.text:xQueueGenericCreate)
                  0000f8da    00000002     --HOLE-- [fill = 0]
                  0000f8dc    00000040     lwiplib.obj (.text:etharp_tmr)
                  0000f91c    00000040     mongoose.obj (.text:mg_destroy_conn)
                  0000f95c    00000040     mongoose.obj (.text:mg_hexdumpf)
                  0000f99c    00000040     timers.obj (.text:prvProcessExpiredTimer)
                  0000f9dc    00000040     rtsv7M4_T_le_v4SPD16_eabi.lib : u_divt2.asm.obj (.text)
                  0000fa1c    00000040                                   : sprintf.c.obj (.text:sprintf)
                  0000fa5c    00000040     queue.obj (.text:vQueueAddToRegistry)
                  0000fa9c    00000040     tasks.obj (.text:vTaskPlaceOnEventListRestricted)
                  0000fadc    00000040     port.obj (.text:xPortStartScheduler)
                  0000fb1c    00000040     timers.obj (.text:xTimerCreateTimerTask)
                  0000fb5c    0000003e     rtsv7M4_T_le_v4SPD16_eabi.lib : _printfi.c.obj (.text:_fcpy)
                  0000fb9a    0000003e     lwiplib.obj (.text:netif_set_link_up)
                  0000fbd8    0000003c     CFAF128128B0145T.obj (.text:CFAF128128B0145T_clear)
                  0000fc14    0000003c     driverlib.lib : ssi.obj (.text:SSIConfigSetExpClk)
                  0000fc50    0000003c     mongoose.obj (.text:coap_split_opt)
                  0000fc8c    0000003c     lwiplib.obj (.text:dhcp_coarse_tmr)
                  0000fcc8    0000003c     mongoose.obj (.text:mg_lwip_tcp_write)
                  0000fd04    0000003c     lwiplib.obj (.text:sys_init)
                  0000fd40    0000003a     driverlib.lib : emac.obj (.text:EMACIntEnable)
                  0000fd7a    0000003a     mongoose.obj (.text:mg_lwip_post_signal)
                  0000fdb4    00000038     CFAF128128B0145T.obj (.text:CFAF128128B0145T_setOrientation)
                  0000fdec    00000038     driverlib.lib : emac.obj (.text:EMACConfigSet)
                  0000fe24    00000038                   : sysctl.obj (.text:SysCtlPeripheralReady)
                  0000fe5c    00000038     rtsv7M4_T_le_v4SPD16_eabi.lib : trgmsg.c.obj (.text:__TI_writemsg)
                  0000fe94    00000038                                   : memory.c.obj (.text:calloc)
                  0000fecc    00000038     lwiplib.obj (.text:dhcp_fine_tmr)
                  0000ff04    00000038     lwiplib.obj (.text:dhcp_handle_nak)
                  0000ff3c    00000038     lwiplib.obj (.text:dhcp_stop)
                  0000ff74    00000038     lwiplib.obj (.text:memp_free)
                  0000ffac    00000038     lwiplib.obj (.text:pbuf_pool_is_empty)
                  0000ffe4    00000038     rtsv7M4_T_le_v4SPD16_eabi.lib : fs_tod_t2.asm.obj (.text)
                  0001001c    00000038                                   : sscanf.c.obj (.text:sscanf)
                  00010054    00000038     lwiplib.obj (.text:tcpip_tcp_timer)
                  0001008c    00000038     list.obj (.text:vListInsert)
                  000100c4    00000036     mongoose.obj (.text:mg_send)
                  000100fa    00000036     rtsv7M4_T_le_v4SPD16_eabi.lib : strncpy.c.obj (.text:strncpy)
                  00010130    00000034     driverlib.lib : emac.obj (.text:EMACConfigGet)
                  00010164    00000034                   : emac.obj (.text:EMACIntClear)
                  00010198    00000034                   : sysctl.obj (.text:SysCtlPeripheralDisable)
                  000101cc    00000034                   : sysctl.obj (.text:SysCtlPeripheralEnable)
                  00010200    00000034     rtsv7M4_T_le_v4SPD16_eabi.lib : fopen.c.obj (.text:__TI_cleanup)
                  00010234    00000034                                   : trgmsg.c.obj (.text:__TI_readmsg)
                  00010268    00000034                                   : boot_cortex_m.c.obj (.text:_c_int00_noargs:_c_int00_noargs)
                  0001029c    00000034     lwiplib.obj (.text:autoip_arp_probe)
                  000102d0    00000034     mongoose.obj (.text:mg_conn_addr_to_str)
                  00010304    00000034     lwiplib.obj (.text:pbuf_free_ooseq)
                  00010338    00000034     lwiplib.obj (.text:tcp_kill_timewait)
                  0001036c    00000034     lwiplib.obj (.text:tcp_timer_needed)
                  000103a0    00000034     lwiplib.obj (.text:tivaif_init)
                  000103d4    00000034     lwiplib.obj (.text:udp_sendto)
                  00010408    00000032     lwiplib.obj (.text:ip4_addr_isbroadcast)
                  0001043a    00000032     mongoose.obj (.text:mg_ncasecmp)
                  0001046c    00000032     lwiplib.obj (.text:tcp_recved)
                  0001049e    00000030     rtsv7M4_T_le_v4SPD16_eabi.lib : snprintf.c.obj (.text:_outs)
                  000104ce    00000030     lwiplib.obj (.text:dhcp_option_trailer)
                  000104fe    00000002     --HOLE-- [fill = 0]
                  00010500    00000030     rtsv7M4_T_le_v4SPD16_eabi.lib : getdevice.c.obj (.text:finddevice)
                  00010530    00000030     mongoose.obj (.text:mg_bind)
                  00010560    00000030     lwiplib.obj (.text:tcp_update_rcv_ann_wnd)
                  00010590    00000030     lwiplib.obj (.text:udp_remove)
                  000105c0    00000030     tasks.obj (.text:vTaskDelay)
                  000105f0    0000002e     mongoose.obj (.text:mg_mgr_init)
                  0001061e    0000002e     rtsv7M4_T_le_v4SPD16_eabi.lib : i_tofd_t2.asm.obj (.text)
                  0001064c    0000002e     lwiplib.obj (.text:tcp_rexmit_rto)
                  0001067a    0000002c     CFAF128128B0145T.obj (.text:CFAF128128B0145T_point)
                  000106a6    0000002c     driverlib.lib : emac.obj (.text:EMACIntStatus)
                  000106d2    0000002c                   : gpio.obj (.text:GPIODirModeSet)
                  000106fe    00000002     --HOLE-- [fill = 0]
                  00010700    0000002c     lwiplib.obj (.text:autoip_arp_announce)
                  0001072c    0000002c     lwiplib.obj (.text:dhcp_handle_offer)
                  00010758    0000002c     lwiplib.obj (.text:etharp_request)
                  00010784    0000002c     rtsv7M4_T_le_v4SPD16_eabi.lib : fclose.c.obj (.text:fclose)
                  000107b0    0000002c     mongoose.obj (.text:mg_coap_send_message)
                  000107dc    0000002c     mongoose.obj (.text:mg_lwip_recv_common)
                  00010808    0000002c     lwiplib.obj (.text:pbuf_dechain)
                  00010834    0000002c     timers.obj (.text:prvSwitchTimerLists)
                  00010860    0000002c     port.obj (.text:pxPortInitialiseStack)
                  0001088c    0000002c     rtsv7M4_T_le_v4SPD16_eabi.lib : strncmp.c.obj (.text:strncmp)
                  000108b8    0000002c     lwiplib.obj (.text:sys_arch_thread)
                  000108e4    0000002c     lwiplib.obj (.text:sys_mbox_trypost)
                  00010910    0000002c     rtsv7M4_T_le_v4SPD16_eabi.lib : unlink.c.obj (.text:unlink)
                  0001093c    0000002c     port.obj (.text:xPortSysTickHandler)
                  00010968    0000002a     lwiplib.obj (.text:autoip_bind)
                  00010992    0000002a     mongoose.obj (.text:coap_get_token)
                  000109bc    0000002a     mongoose.obj (.text:mg_match_prefix)
                  000109e6    0000002a     lwiplib.obj (.text:pbuf_cat)
                  00010a10    0000002a     lwiplib.obj (.text:pbuf_coalesce)
                  00010a3a    0000002a     timers.obj (.text:prvReloadTimer)
                  00010a64    00000028     lwiplib.obj (.text:etharp_cleanup_netif)
                  00010a8c    00000028     rtsv7M4_T_le_v4SPD16_eabi.lib : memory.c.obj (.text:free_list_insert)
                  00010ab4    00000028                                   : lseek.c.obj (.text:lseek)
                  00010adc    00000028                                   : memmov.c.obj (.text:memmove)
                  00010b04    00000028     mongoose.obj (.text:mg_lwip_if_listen_tcp)
                  00010b2c    00000028     mongoose.obj (.text:mg_lwip_if_listen_udp)
                  00010b54    00000028     mongoose.obj (.text:mg_vcmp)
                  00010b7c    00000028     tasks.obj (.text:prvIdleTask)
                  00010ba4    00000028     timers.obj (.text:prvSampleTimeNow)
                  00010bcc    00000028     rtsv7M4_T_le_v4SPD16_eabi.lib : write.c.obj (.text:write)
                  00010bf4    00000026     driverlib.lib : emac.obj (.text:EMACPHYRead)
                  00010c1a    00000026                   : emac.obj (.text:EMACPHYWrite)
                  00010c40    00000026     lwiplib.obj (.text:dhcp_check)
                  00010c66    00000026     mongoose.obj (.text:mbuf_resize)
                  00010c8c    00000026     queue.obj (.text:prvCopyDataFromQueue)
                  00010cb2    00000026     lwiplib.obj (.text:tcp_recv_null)
                  00010cd8    00000026     list.obj (.text:uxListRemove)
                  00010cfe    00000002     --HOLE-- [fill = 0]
                  00010d00    00000024     mongoose.obj (.text:coap_get_ext_opt_size)
                  00010d24    00000024     lwiplib.obj (.text:etharp_free_entry)
                  00010d48    00000024     lwiplib.obj (.text:etharp_send_ip)
                  00010d6c    00000024     rtsv7M4_T_le_v4SPD16_eabi.lib : memcmp.c.obj (.text:memcmp)
                  00010d90    00000024     mongoose.obj (.text:mg_remove_conn)
                  00010db4    00000024     lwiplib.obj (.text:netif_set_up)
                  00010dd8    00000024     queue.obj (.text:prvInitialiseNewQueue)
                  00010dfc    00000024     tasks.obj (.text:prvResetNextTaskUnblockTime)
                  00010e20    00000024     lwiplib.obj (.text:tcp_seg_copy)
                  00010e44    00000024     VS_Gr06_LabProject_CoAP_Server.obj (.text:vTaskDisplay)
                  00010e68    00000022     lwiplib.obj (.text:dhcp_option_short)
                  00010e8a    00000020     CFAF128128B0145T.obj (.text:CFAF128128B0145T__writeData8888)
                  00010eaa    00000002     --HOLE-- [fill = 0]
                  00010eac    00000020     driverlib.lib : sysctl.obj (.text:_SysCtlMemTimingGet)
                  00010ecc    00000020     lwiplib.obj (.text:autoip_handle_arp_conflict)
                  00010eec    00000020     lwiplib.obj (.text:dhcp_option)
                  00010f0c    00000020     mongoose.obj (.text:mbuf_remove)
                  00010f2c    00000020     rtsv7M4_T_le_v4SPD16_eabi.lib : memchr.c.obj (.text:memchr)
                  00010f4c    00000020     mongoose.obj (.text:mg_lwip_accept_conn)
                  00010f6c    00000020     timers.obj (.text:prvGetNextExpireTime)
                  00010f8c    00000020     rtsv7M4_T_le_v4SPD16_eabi.lib : u_tofd_t2.asm.obj (.text)
                  00010fac    00000020     lwiplib.obj (.text:tcp_eff_send_mss)
                  00010fcc    00000020     lwiplib.obj (.text:tcp_tmr)
                  00010fec    0000001e     driverlib.lib : emac.obj (.text:EMACAddrGet)
                  0001100a    0000001e     mongoose.obj (.text:mg_if_accept_tcp_cb)
                  00011028    0000001e     mongoose.obj (.text:mg_if_poll)
                  00011046    0000001e     lwiplib.obj (.text:netif_set_down)
                  00011064    0000001c     rtsv7M4_T_le_v4SPD16_eabi.lib : assert.c.obj (.text:_abort_msg)
                  00011080    0000001c                                   : memory.c.obj (.text:free_list_remove)
                  0001109c    0000001c     lwiplib.obj (.text:lwIPLocalIPAddrGet)
                  000110b8    0000001c     rtsv7M4_T_le_v4SPD16_eabi.lib : memccpy.c.obj (.text:memccpy)
                  000110d4    0000001c     mongoose.obj (.text:mg_lwip_if_create_conn)
                  000110f0    0000001c     mongoose.obj (.text:mg_lwip_if_remove_conn)
                  0001110c    0000001c     mongoose.obj (.text:mg_set_protocol_coap)
                  00011128    0000001c     lwiplib.obj (.text:netif_set_addr)
                  00011144    0000001c     queue.obj (.text:prvIsQueueFull)
                  00011160    0000001c     rtsv7M4_T_le_v4SPD16_eabi.lib : strdup.c.obj (.text:strdup)
                  0001117c    0000001c     lwiplib.obj (.text:udp_new)
                  00011198    0000001c     port.obj (.text:vPortEnterCritical)
                  000111b4    0000001c     port.obj (.text:vPortSetupTimerInterrupt)
                  000111d0    0000001c     tasks.obj (.text:vTaskPlaceOnEventList)
                  000111ec    0000001a     driverlib.lib : gpio.obj (.text:GPIOPinTypeGPIOOutput)
                  00011206    0000001a     uartstdio.obj (.text:UARTprintf)
                  00011220    0000001a     lwiplib.obj (.text:autoip_network_changed)
                  0001123a    0000001a     rtsv7M4_T_le_v4SPD16_eabi.lib : s_copysign.c.obj (.text:copysign)
                  00011254    0000001a     lwiplib.obj (.text:dhcp_arp_reply)
                  0001126e    0000001a     lwiplib.obj (.text:lwip_htonl)
                  00011288    0000001a     mongoose.obj (.text:mg_if_create_iface)
                  000112a2    0000001a     queue.obj (.text:prvIsQueueEmpty)
                  000112bc    0000001a     lwiplib.obj (.text:sys_mbox_post)
                  000112d6    00000002     --HOLE-- [fill = 0]
                  000112d8    00000018     CFAF128128B0145T.obj (.text:CFAF128128B0145T__delay)
                  000112f0    00000018     rtsv7M4_T_le_v4SPD16_eabi.lib : snprintf.c.obj (.text:_outc)
                  00011308    00000018                                   : sprintf.c.obj (.text:_outs)
                  00011320    00000018     lwiplib.obj (.text:arp_timer)
                  00011338    00000018     lwiplib.obj (.text:autoip_timer)
                  00011350    00000018     lwiplib.obj (.text:dhcp_timer_coarse)
                  00011368    00000018     lwiplib.obj (.text:dhcp_timer_fine)
                  00011380    00000018     lwiplib.obj (.text:lwIPPrivateHostTimer)
                  00011398    00000018     lwiplib.obj (.text:lwIPPrivateLinkTimer)
                  000113b0    00000018     mongoose.obj (.text:mg_coap_free_options)
                  000113c8    00000018     mongoose.obj (.text:mg_lwip_if_connect_tcp)
                  000113e0    00000018     rtsv7M4_T_le_v4SPD16_eabi.lib : ll_mul_t2.asm.obj (.text)
                  000113f8    00000018                                   : strcmp.c.obj (.text:strcmp)
                  00011410    00000018                                   : strrchr.c.obj (.text:strrchr)
                  00011428    00000018     lwiplib.obj (.text:tcp_next_iss)
                  00011440    00000018     lwiplib.obj (.text:tcp_seg_free)
                  00011458    00000018     list.obj (.text:vListInsertEnd)
                  00011470    00000018     port.obj (.text:vPortExitCritical)
                  00011488    00000018     tasks.obj (.text:vTaskInternalSetTimeOutState)
                  000114a0    00000016     driverlib.lib : emac.obj (.text:EMACReset)
                  000114b6    00000016                   : emac.obj (.text:EMACRxEnable)
                  000114cc    00000016                   : emac.obj (.text:EMACTxEnable)
                  000114e2    00000016                   : gpio.obj (.text:GPIOPinTypeEthernetLED)
                  000114f8    00000016                   : gpio.obj (.text:GPIOPinTypeI2C)
                  0001150e    00000016                   : gpio.obj (.text:GPIOPinTypeI2CSCL)
                  00011524    00000016                   : gpio.obj (.text:GPIOPinTypeSSI)
                  0001153a    00000016     lwiplib.obj (.text:dhcp_delete_msg)
                  00011550    00000016     lwiplib.obj (.text:dhcp_t1_timeout)
                  00011566    00000016     lwiplib.obj (.text:dhcp_t2_timeout)
                  0001157c    00000016     mongoose.obj (.text:mbuf_free)
                  00011592    00000016     lwiplib.obj (.text:pbuf_ref)
                  000115a8    00000016     rtsv7M4_T_le_v4SPD16_eabi.lib : strchr.c.obj (.text:strchr)
                  000115be    00000016     list.obj (.text:vListInitialise)
                  000115d4    00000014     driverlib.lib : flash.obj (.text:FlashUserGet)
                  000115e8    00000014     VS_Gr06_LabProject_CoAP_Server.obj (.text:gettimeofday)
                  000115fc    00000014     lwiplib.obj (.text:lwip_init)
                  00011610    00000014     mongoose.obj (.text:mg_lwip_handle_recv_tcp)
                  00011624    00000014     mongoose.obj (.text:mg_lwip_if_tcp_send)
                  00011638    00000014     mongoose.obj (.text:mg_lwip_if_udp_send)
                  0001164c    00000014     timers.obj (.text:prvTimerTask)
                  00011660    00000014     rtsv7M4_T_le_v4SPD16_eabi.lib : strcpy.c.obj (.text:strcpy)
                  00011674    00000014                                   : strlen.c.obj (.text:strlen)
                  00011688    00000014     lwiplib.obj (.text:tcp_close)
                  0001169c    00000014     mongoose.obj (.text:udp_sendto_tcpip)
                  000116b0    00000012     driverlib.lib : ssi.obj (.text:SSIDataGetNonBlocking)
                  000116c2    00000012     rtsv7M4_T_le_v4SPD16_eabi.lib : sscanf.c.obj (.text:_inpchar)
                  000116d4    00000012     mongoose.obj (.text:coap_add_opt_info)
                  000116e6    00000012     lwiplib.obj (.text:dhcp_option_byte)
                  000116f8    00000012     lwiplib.obj (.text:netif_set_link_down)
                  0001170a    00000012     lwiplib.obj (.text:pbuf_clen)
                  0001171c    00000012     tasks.obj (.text:prvDeleteTCB)
                  0001172e    00000012     rtsv7M4_T_le_v4SPD16_eabi.lib : wcslen.c.obj (.text:wcslen)
                  00011740    00000010     CFAF128128B0145T.obj (.text:CFAF128128B0145T__writeRegister)
                  00011750    00000010     driverlib.lib : emac.obj (.text:EMACFrameFilterSet)
                  00011760    00000010                   : interrupt.obj (.text:IntMasterEnable)
                  00011770    00000010     lwiplib.obj (.text:autoip_stop)
                  00011780    00000010     lwiplib.obj (.text:dhcp_set_state)
                  00011790    00000010     lwiplib.obj (.text:inet_chksum)
                  000117a0    00000010     mongoose.obj (.text:mbuf_append)
                  000117b0    00000010     mongoose.obj (.text:mg_lwip_if_connect_udp)
                  000117c0    00000010     mongoose.obj (.text:mg_lwip_if_free)
                  000117d0    00000010     mongoose.obj (.text:mg_time)
                  000117e0    00000010     lwiplib.obj (.text:pbuf_chain)
                  000117f0    00000010     port.obj (.text:prvTaskExitError)
                  00011800    00000010     lwiplib.obj (.text:tcp_segs_free)
                  00011810    00000010     tasks.obj (.text:vTaskSuspendAll)
                  00011820    0000000e     rtsv7M4_T_le_v4SPD16_eabi.lib : time.c.obj (.text:__time32)
                  0001182e    0000000e                                   : copy_decompress_none.c.obj (.text:decompress:none:__TI_decompress_none)
                  0001183c    0000000e     mongoose.obj (.text:mbuf_init)
                  0001184a    0000000e     mongoose.obj (.text:str_util_lowercase)
                  00011858    0000000e     lwiplib.obj (.text:sys_sem_signal)
                  00011866    0000000c     CFAF128128B0145T.obj (.text:CFAF128128B0145T__swapINT16)
                  00011872    00000002     --HOLE-- [fill = 0]
                  00011874    0000000c     CFAF128128B0145T.obj (.text:CFAF128128B0145T_setFontSolid)
                  00011880    0000000c     CFAF128128B0145T.obj (.text:CFAF128128B0145T_setPenSolid)
                  0001188c    0000000c     driverlib.lib : cpu.obj (.text:CPUcpsie)
                  00011898    0000000c                   : sysctl.obj (.text:SysCtlMOSCConfigSet)
                  000118a4    0000000c     lwiplib.obj (.text:autoip_restart)
                  000118b0    0000000c     mongoose.obj (.text:coap_add_uint16)
                  000118bc    0000000c     rtsv7M4_T_le_v4SPD16_eabi.lib : copy_zero_init.c.obj (.text:decompress:ZI:__TI_zero_init)
                  000118c8    0000000c     lwiplib.obj (.text:ipaddr_ntoa)
                  000118d4    0000000c     lwiplib.obj (.text:lwip_htons)
                  000118e0    0000000c     mongoose.obj (.text:mg_if_get_conn_addr)
                  000118ec    0000000c     mongoose.obj (.text:mg_lwip_handle_accept)
                  000118f8    0000000c     lwiplib.obj (.text:netif_set_default)
                  00011904    0000000c     lwiplib.obj (.text:netif_set_gw)
                  00011910    0000000c     lwiplib.obj (.text:netif_set_netmask)
                  0001191c    0000000c     tasks.obj (.text:vTaskMissedYield)
                  00011928    0000000c     tasks.obj (.text:xTaskGetTickCount)
                  00011934    0000000a     driverlib.lib : i2c.obj (.text:I2CMasterEnable)
                  0001193e    0000000a                   : ssi.obj (.text:SSIDataPut)
                  00011948    0000000a                   : ssi.obj (.text:SSIDisable)
                  00011952    0000000a                   : ssi.obj (.text:SSIEnable)
                  0001195c    0000000a     rtsv7M4_T_le_v4SPD16_eabi.lib : sprintf.c.obj (.text:_outc)
                  00011966    0000000a     lwiplib.obj (.text:sys_arch_protect)
                  00011970    0000000a     lwiplib.obj (.text:sys_mbox_valid)
                  0001197a    00000008     driverlib.lib : emac.obj (.text:EMACPowerManagementStatusGet)
                  00011982    00000008                   : emac.obj (.text:EMACTxDMAPollDemand)
                  0001198a    00000008                   : i2c.obj (.text:I2CMasterBusy)
                  00011992    00000008                   : i2c.obj (.text:I2CMasterSlaveAddrSet)
                  0001199a    00000008                   : ssi.obj (.text:SSIBusy)
                  000119a2    00000002     --HOLE-- [fill = 0]
                  000119a4    00000008     rtsv7M4_T_le_v4SPD16_eabi.lib : errno.c.obj (.text:__aeabi_errno_addr)
                  000119ac    00000008                                   : sscanf.c.obj (.text:_uninpchar)
                  000119b4    00000008     lwiplib.obj (.text:icmp_dest_unreach)
                  000119bc    00000008     rtsv7M4_T_le_v4SPD16_eabi.lib : memory.c.obj (.text:malloc)
                  000119c4    00000008     mongoose.obj (.text:mg_next)
                  000119cc    00000008     mongoose.obj (.text:tcp_recved_tcpip)
                  000119d4    00000006     driverlib.lib : emac.obj (.text:EMACRxDMADescriptorListSet)
                  000119da    00000006                   : emac.obj (.text:EMACTimestampIntStatus)
                  000119e0    00000006                   : emac.obj (.text:EMACTxDMADescriptorListSet)
                  000119e6    00000006                   : gpio.obj (.text:GPIOPinWrite)
                  000119ec    00000006     startup_ccs.obj (.text:ResetISR)
                  000119f2    00000006     driverlib.lib : sysctl.obj (.text:SysCtlDelay)
                  000119f8    00000006     mongoose.obj (.text:mbuf_trim)
                  000119fe    00000006     mongoose.obj (.text:mg_resolve_from_hosts_file)
                  00011a04    00000006     lwiplib.obj (.text:tcp_abort)
                  00011a0a    00000006     lwiplib.obj (.text:tcp_accept_null)
                  00011a10    00000006     lwiplib.obj (.text:tcp_err)
                  00011a16    00000006     lwiplib.obj (.text:tcp_new)
                  00011a1c    00000006     lwiplib.obj (.text:tcp_recv)
                  00011a22    00000006     lwiplib.obj (.text:udp_recv)
                  00011a28    00000006     list.obj (.text:vListInitialiseItem)
                  00011a2e    00000004     driverlib.lib : i2c.obj (.text:I2CMasterControl)
                  00011a32    00000004                   : i2c.obj (.text:I2CMasterDataGet)
                  00011a36    00000004                   : i2c.obj (.text:I2CMasterDataPut)
                  00011a3a    00000004     rtsv7M4_T_le_v4SPD16_eabi.lib : fprintf.c.obj (.text:_outc)
                  00011a3e    00000004                                   : vfprintf.c.obj (.text:_outc)
                  00011a42    00000004                                   : fprintf.c.obj (.text:_outs)
                  00011a46    00000004                                   : vfprintf.c.obj (.text:_outs)
                  00011a4a    00000004                                   : pre_init.c.obj (.text:_system_pre_init)
                  00011a4e    00000004                                   : exit.c.obj (.text:abort:abort)
                  00011a52    00000004     mongoose.obj (.text:mg_lwip_if_sock_set)
                  00011a56    00000004     lwiplib.obj (.text:pbuf_free_ooseq_callback)
                  00011a5a    00000004     lwiplib.obj (.text:sys_arch_unprotect)
                  00011a5e    00000004     lwiplib.obj (.text:tcp_accept)
                  00011a62    00000004     lwiplib.obj (.text:tcp_arg)
                  00011a66    00000004     mongoose.obj (.text:tcp_close_tcpip)
                  00011a6a    00000004     mongoose.obj (.text:tcp_output_tcpip)
                  00011a6e    00000004     lwiplib.obj (.text:tcp_sent)
                  00011a72    00000004     mongoose.obj (.text:udp_remove_tcpip)

.const     0    00011a78    00001d14     
                  00011a78    00001000     rtsv7M4_T_le_v4SPD16_eabi.lib : s_exp2.c.obj (.const:tbl)
                  00012a78    00000540     CFAF128128B0145T.obj (.const:CFAF128128B0145T__font6x8)
                  00012fb8    000001b0     driverlib.lib : sysctl.obj (.const:g_pppui32XTALtoVCO)
                  00013168    00000101     rtsv7M4_T_le_v4SPD16_eabi.lib : ctype.c.obj (.const:.string:_ctypes_)
                  00013269    00000007     lwiplib.obj (.const:.string:tcp_persist_backoff)
                  00013270    000000c8     rtsv7M4_T_le_v4SPD16_eabi.lib : strtod.c.obj (.const:$O1$$)
                  00013338    00000090     driverlib.lib : gpio.obj (.const:g_pui32GPIOBaseAddrs)
                  000133c8    0000006c                   : sysctl.obj (.const:g_pui32Xtals)
                  00013434    00000040     mongoose.obj (.const:mg_default_iface_vtable)
                  00013474    00000030     driverlib.lib : sysctl.obj (.const:g_sXTALtoMEMTIM)
                  000134a4    0000001d     mongoose.obj (.const:.string:$P$T47$60)
                  000134c1    0000001d     mongoose.obj (.const:.string:$P$T49$62)
                  000134de    0000001d     mongoose.obj (.const:.string:$P$T51$64)
                  000134fb    0000001c     mongoose.obj (.const:.string:$P$T53$66)
                  00013517    0000001c     mongoose.obj (.const:.string:$P$T54$67)
                  00013533    00000018     mongoose.obj (.const:.string:$P$T55$68)
                  0001354b    00000018     mongoose.obj (.const:.string:$P$T59$72)
                  00013563    00000001     coap_handler.obj (.const:.string:$P$T0$1)
                  00013564    00000018     driverlib.lib : emac.obj (.const:g_pi16MIIClockDiv)
                  0001357c    00000016     mongoose.obj (.const:.string:$P$T9$16)
                  00013592    00000015     mongoose.obj (.const:.string:$P$T45$58)
                  000135a7    00000014     mongoose.obj (.const:.string:$P$T44$57)
                  000135bb    00000014     mongoose.obj (.const:.string:$P$T46$59)
                  000135cf    00000014     mongoose.obj (.const:.string:$P$T48$61)
                  000135e3    00000014     mongoose.obj (.const:.string:$P$T50$63)
                  000135f7    00000001     --HOLE-- [fill = 0]
                  000135f8    00000014     driverlib.lib : interrupt.obj (.const:g_pui32EnRegs)
                  0001360c    00000014     lwiplib.obj (.const:memp_num)
                  00013620    00000014     lwiplib.obj (.const:memp_sizes)
                  00013634    00000012     mongoose.obj (.const:.string:$P$T12$19)
                  00013646    00000012     mongoose.obj (.const:.string:$P$T52$65)
                  00013658    00000012     mongoose.obj (.const:.string:$P$T57$70)
                  0001366a    00000012     mongoose.obj (.const:.string:$P$T58$71)
                  0001367c    00000011     mongoose.obj (.const:.string:$P$T14$21)
                  0001368d    00000011     mongoose.obj (.const:.string:$P$T56$69)
                  0001369e    00000002     --HOLE-- [fill = 0]
                  000136a0    00000010     rtsv7M4_T_le_v4SPD16_eabi.lib : _scanfi.c.obj (.const:$O1$$)
                  000136b0    00000010     mongoose.obj (.const:.string:$P$T6$13)
                  000136c0    00000010     mongoose.obj (.const:.string:$P$T60$73)
                  000136d0    00000010     lwiplib.obj (.const:tcp_pcb_lists)
                  000136e0    0000000f     mongoose.obj (.const:.string:$P$T11$18)
                  000136ef    0000000e     mongoose.obj (.const:.string:$P$T10$17)
                  000136fd    0000000e     mongoose.obj (.const:.string:$P$T5$12)
                  0001370b    0000000d     lwiplib.obj (.const:.string:tcp_backoff)
                  00013718    0000000c     mongoose.obj (.const:.string:$P$T15$22)
                  00013724    0000000c     mongoose.obj (.const:.string:$P$T3$9)
                  00013730    0000000c     mongoose.obj (.const:.string:$P$T8$15)
                  0001373c    0000000c     VS_Gr06_LabProject_CoAP_Server.obj (.const:.string)
                  00013748    0000000c     uartstdio.obj (.const:g_ui32UARTBase)
                  00013754    0000000c     uartstdio.obj (.const:g_ui32UARTPeriph)
                  00013760    00000008     mongoose.obj (.const:.string:$P$T4$11)
                  00013768    00000008     driverlib.lib : sysctl.obj (.const:g_pui32VCOFrequencies)
                  00013770    00000006     lwiplib.obj (.const:ethbroadcast)
                  00013776    00000006     lwiplib.obj (.const:ethzero)
                  0001377c    00000004     lwiplib.obj (.const:ip_addr_any)
                  00013780    00000004     lwiplib.obj (.const:ip_addr_broadcast)
                  00013784    00000004     port.obj (.const)
                  00013788    00000004     tasks.obj (.const)

.cinit     0    00013790    000000d8     
                  00013790    000000b2     (.cinit..data.load) [load image, compression = lzss]
                  00013842    00000002     --HOLE-- [fill = 0]
                  00013844    0000000c     (__TI_handler_table)
                  00013850    00000008     (.cinit..bss.load) [load image, compression = zero_init]
                  00013858    00000010     (__TI_cinit_table)

.init_array 
*          0    00000000    00000000     UNINITIALIZED

.bss       0    20000000    000303a1     UNINITIALIZED
                  20000000    00018000     heap_4.obj (.bss:ucHeap)
                  20018000    0001001c     (.common:ram_heap)
                  2002801c    00007514     lwiplib.obj (.bss:memp_memory)
                  2002f530    00000360     (.common:g_pTxDescriptors)
                  2002f890    00000220     lwiplib.obj (.bss:mboxes)
                  2002fab0    00000154     (.common:lwip_stats)
                  2002fc04    00000120     rtsv7M4_T_le_v4SPD16_eabi.lib : trgmsg.c.obj (.bss:_CIOBUF_)
                  2002fd24    00000120     (.common:g_pRxDescriptors)
                  2002fe44    000000c8     lwiplib.obj (.bss:arp_table)
                  2002ff0c    000000a0     (.common:__TI_tmpnams)
                  2002ffac    00000088     lwiplib.obj (.bss:mbox)
                  20030034    00000064     tasks.obj (.bss:pxReadyTasksLists)
                  20030098    00000058     lwiplib.obj (.bss)
                  200300f0    00000050     lwiplib.obj (.bss:threads)
                  20030140    00000040     (.common:xQueueRegistry)
                  20030180    00000038     lwiplib.obj (.bss:g_sNetIF)
                  200301b8    00000030     lwiplib.obj (.bss:sems)
                  200301e8    00000028     lwiplib.obj (.bss:memp_tab)
                  20030210    00000028     (.common:dhcp_rx_options_val)
                  20030238    00000014     timers.obj (.bss:xActiveTimerList1)
                  2003024c    00000014     timers.obj (.bss:xActiveTimerList2)
                  20030260    00000014     tasks.obj (.bss:xDelayedTaskList1)
                  20030274    00000014     tasks.obj (.bss:xDelayedTaskList2)
                  20030288    00000014     tasks.obj (.bss:xPendingReadyList)
                  2003029c    00000014     tasks.obj (.bss:xSuspendedTaskList)
                  200302b0    00000014     tasks.obj (.bss:xTasksWaitingTermination)
                  200302c4    00000014     (.common:luxBuffer)
                  200302d8    00000010     lwiplib.obj (.bss:inseg)
                  200302e8    00000010     lwiplib.obj (.bss:str$3)
                  200302f8    0000000c     lwiplib.obj (.bss:mem_mutex)
                  20030304    0000000c     (.common:dhcp_rx_options_given)
                  20030310    00000008     tasks.obj (.bss)
                  20030318    00000008     timers.obj (.bss)
                  20030320    00000008     heap_4.obj (.bss:xStart)
                  20030328    00000008     (.common:parmbuf)
                  20030330    00000004     mongoose.obj (.bss)
                  20030334    00000004     (.common:CFAF128128B0145T__csPort)
                  20030338    00000004     (.common:CFAF128128B0145T__rsPort)
                  2003033c    00000004     (.common:CFAF128128B0145T__rstPort)
                  20030340    00000004     (.common:CFAF128128B0145T__spiClock)
                  20030344    00000004     (.common:CFAF128128B0145T__spiDevice)
                  20030348    00000004     (.common:CFAF128128B0145T__sysClock)
                  2003034c    00000004     (.common:current_header)
                  20030350    00000004     (.common:current_iphdr_dest)
                  20030354    00000004     (.common:current_iphdr_src)
                  20030358    00000004     (.common:current_netif)
                  2003035c    00000004     (.common:g_pfnTimerHandler)
                  20030360    00000004     (.common:g_ui32AbnormalInts)
                  20030364    00000004     (.common:g_ui32IPAddress)
                  20030368    00000004     (.common:g_ui32NormalInts)
                  2003036c    00000004     (.common:g_ui32SysClock)
                  20030370    00000004     (.common:netif_default)
                  20030374    00000004     (.common:netif_list)
                  20030378    00000004     (.common:tcp_active_pcbs)
                  2003037c    00000004     (.common:tcp_bound_pcbs)
                  20030380    00000004     (.common:tcp_input_pcb)
                  20030384    00000004     (.common:tcp_listen_pcbs)
                  20030388    00000004     (.common:tcp_ticks)
                  2003038c    00000004     (.common:tcp_tmp_pcb)
                  20030390    00000004     (.common:tcp_tw_pcbs)
                  20030394    00000004     (.common:udp_pcbs)
                  20030398    00000001     (.common:CFAF128128B0145T__boosterPack)
                  20030399    00000001     (.common:CFAF128128B0145T__csPin)
                  2003039a    00000001     (.common:CFAF128128B0145T__fontSolid)
                  2003039b    00000001     (.common:CFAF128128B0145T__orientation)
                  2003039c    00000001     (.common:CFAF128128B0145T__penSolid)
                  2003039d    00000001     (.common:CFAF128128B0145T__rsPin)
                  2003039e    00000001     (.common:CFAF128128B0145T__rstPin)
                  2003039f    00000001     (.common:pbuf_free_ooseq_pending)
                  200303a0    00000001     (.common:tcp_active_pcbs_changed)

.stack     0    200303a8    00002000     UNINITIALIZED
                  200303a8    00000004     rtsv7M4_T_le_v4SPD16_eabi.lib : boot_cortex_m.c.obj (.stack)
                  200303ac    00001ffc     --HOLE--

.sysmem    0    200323a8    00002000     UNINITIALIZED
                  200323a8    00000010     rtsv7M4_T_le_v4SPD16_eabi.lib : memory.c.obj (.sysmem)
                  200323b8    00001ff0     --HOLE--

.data      0    200343a8    000002bc     UNINITIALIZED
                  200343a8    000000f0     rtsv7M4_T_le_v4SPD16_eabi.lib : defs.c.obj (.data:_ftable)
                  20034498    00000078                                   : host_device.c.obj (.data:_device)
                  20034510    00000050                                   : host_device.c.obj (.data:_stream)
                  20034560    00000034     tasks.obj (.data)
                  20034594    0000001c     mongoose.obj (.data)
                  200345b0    00000018     heap_4.obj (.data)
                  200345c8    00000018     lwiplib.obj (.data)
                  200345e0    00000010     lwiplib.obj (.data:g_RxDescList)
                  200345f0    00000010     lwiplib.obj (.data:g_TxDescList)
                  20034600    00000010     rtsv7M4_T_le_v4SPD16_eabi.lib : defs.c.obj (.data)
                  20034610    0000000c                                   : exit.c.obj (.data:$O1$$)
                  2003461c    0000000c     lwiplib.obj (.data:g_StellarisIFData)
                  20034628    0000000c     timers.obj (.data)
                  20034634    00000008     rtsv7M4_T_le_v4SPD16_eabi.lib : _lock.c.obj (.data:$O1$$)
                  2003463c    00000008                                   : memory.c.obj (.data:$O1$$)
                  20034644    00000005     uartstdio.obj (.data)
                  20034649    00000001     display_handler.obj (.data)
                  2003464a    00000002     --HOLE--
                  2003464c    00000004     VS_Gr06_LabProject_CoAP_Server.obj (.data)
                  20034650    00000004     coap_handler.obj (.data)
                  20034654    00000004     lightsensor_handler.obj (.data)
                  20034658    00000004     mongoose.obj (.data:mg_ifaces)
                  2003465c    00000004     port.obj (.data)
                  20034660    00000004     rtsv7M4_T_le_v4SPD16_eabi.lib : errno.c.obj (.data)

__llvm_prf_cnts 
*          0    20000000    00000000     UNINITIALIZED

MODULE SUMMARY

       Module                               code    ro data   rw data
       ------                               ----    -------   -------
    .\
       coap_handler.obj                     1234    1         4      
       VS_Gr06_LabProject_CoAP_Server.obj   646     12        12     
       startup_ccs.obj                      12      512       0      
    +--+------------------------------------+-------+---------+---------+
       Total:                               1892    525       16     
                                                                     
    .\CFAF128128B0145T\
       CFAF128128B0145T.obj                 3346    1344      31     
    +--+------------------------------------+-------+---------+---------+
       Total:                               3346    1344      31     
                                                                     
    .\FreeRTOSSource\
       heap_4.obj                           468     0         98336  
       tasks.obj                            2666    4         260    
       queue.obj                            1278    0         64     
       timers.obj                           802     0         60     
       port.obj                             248     4         4      
       portasm.obj                          218     0         0      
       list.obj                             146     0         0      
    +--+------------------------------------+-------+---------+---------+
       Total:                               5826    8         98724  
                                                                     
    .\drivers\
       pinout.obj                           524     0         0      
    +--+------------------------------------+-------+---------+---------+
       Total:                               524     0         0      
                                                                     
    .\helper_functions\
       display_handler.obj                  688     0         21     
       lightsensor_handler.obj              536     0         4      
       temperature_handler.obj              268     0         0      
    +--+------------------------------------+-------+---------+---------+
       Total:                               1492    0         25     
                                                                     
    .\mongoose\
       mongoose.obj                         11109   603       36     
    +--+------------------------------------+-------+---------+---------+
       Total:                               11109   603       36     
                                                                     
    .\utils\
       lwiplib.obj                          26132   96        98454  
       uartstdio.obj                        696     24        5      
    +--+------------------------------------+-------+---------+---------+
       Total:                               26828   120       98459  
                                                                     
    C:/Tools/TexasInstruments/TivaWare_C_Series-2.2.0.295/driverlib/ccs/Debug/driverlib.lib
       sysctl.obj                           874     596       0      
       gpio.obj                             604     144       0      
       emac.obj                             692     24        0      
       interrupt.obj                        120     20        0      
       ssi.obj                              116     0         0      
       i2c.obj                              114     0         0      
       flash.obj                            20      0         0      
       cpu.obj                              12      0         0      
    +--+------------------------------------+-------+---------+---------+
       Total:                               2552    784       0      
                                                                     
    C:\Tools\TexasInstruments\ccs1120\ccs\tools\compiler\ti-cgt-arm_20.2.5.LTS\lib\rtsv7M4_T_le_v4SPD16_eabi.lib
       _printfi.c.obj                       4851    0         0      
       s_exp2.c.obj                         512     4096      0      
       _scanfi.c.obj                        2836    16        0      
       strtod.c.obj                         1120    200       0      
       memory.c.obj                         956     0         8      
       strtoll.c.obj                        476     0         0      
       fd_add_t2.asm.obj                    438     0         0      
       defs.c.obj                           0       0         416    
       trgmsg.c.obj                         108     0         288    
       strtoull.c.obj                       348     0         0      
       fd_div_t2.asm.obj                    310     0         0      
       strtol.c.obj                         304     0         0      
       fputs.c.obj                          276     0         0      
       s_scalbn.c.obj                       272     0         0      
       strtoul.c.obj                        272     0         0      
       fd_cmp_t2.asm.obj                    268     0         0      
       ctype.c.obj                          0       257       0      
       fd_mul_t2.asm.obj                    252     0         0      
       setvbuf.c.obj                        220     0         0      
       fflush.c.obj                         200     0         0      
       host_device.c.obj                    0       0         200    
       sscanf.c.obj                         186     0         0      
       fclose.c.obj                         160     0         0      
       memcpy_t2.asm.obj                    156     0         0      
       ull_div_t2.asm.obj                   150     0         0      
       snprintf.c.obj                       148     0         0      
       fputc.c.obj                          140     0         0      
       memset_t2.asm.obj                    122     0         0      
       getdevice.c.obj                      116     0         0      
       fd_tos_t2.asm.obj                    110     0         0      
       fprintf.c.obj                        108     0         0      
       hostrename.c.obj                     108     0         0      
       copy_decompress_lzss.c.obj           104     0         0      
       hostlseek.c.obj                      104     0         0      
       hostopen.c.obj                       96      0         8      
       fseek.c.obj                          100     0         0      
       s_frexp.c.obj                        100     0         0      
       _io_perm.c.obj                       98      0         0      
       sprintf.c.obj                        98      0         0      
       close.c.obj                          92      0         0      
       exit.c.obj                           76      0         12     
       hostread.c.obj                       88      0         0      
       hostwrite.c.obj                      88      0         0      
       _ltoa.c.obj                          84      0         0      
       vfprintf.c.obj                       84      0         0      
       atoi.c.obj                           76      0         0      
       fd_toi_t2.asm.obj                    72      0         0      
       hosttime.c.obj                       72      0         0      
       autoinit.c.obj                       68      0         0      
       fd_tou_t2.asm.obj                    68      0         0      
       hostclose.c.obj                      68      0         0      
       hostunlink.c.obj                     68      0         0      
       u_divt2.asm.obj                      64      0         0      
       fs_tod_t2.asm.obj                    56      0         0      
       strncpy.c.obj                        54      0         0      
       boot_cortex_m.c.obj                  52      0         0      
       fopen.c.obj                          52      0         0      
       i_tofd_t2.asm.obj                    46      0         0      
       strncmp.c.obj                        44      0         0      
       unlink.c.obj                         44      0         0      
       lseek.c.obj                          40      0         0      
       memmov.c.obj                         40      0         0      
       write.c.obj                          40      0         0      
       memcmp.c.obj                         36      0         0      
       memchr.c.obj                         32      0         0      
       u_tofd_t2.asm.obj                    32      0         0      
       assert.c.obj                         28      0         0      
       memccpy.c.obj                        28      0         0      
       strdup.c.obj                         28      0         0      
       s_copysign.c.obj                     26      0         0      
       ll_mul_t2.asm.obj                    24      0         0      
       strcmp.c.obj                         24      0         0      
       strrchr.c.obj                        24      0         0      
       strchr.c.obj                         22      0         0      
       strcpy.c.obj                         20      0         0      
       strlen.c.obj                         20      0         0      
       wcslen.c.obj                         18      0         0      
       copy_decompress_none.c.obj           14      0         0      
       time.c.obj                           14      0         0      
       copy_zero_init.c.obj                 12      0         0      
       errno.c.obj                          8       0         4      
       _lock.c.obj                          2       0         8      
       pre_init.c.obj                       4       0         0      
       div0.asm.obj                         2       0         0      
    +--+------------------------------------+-------+---------+---------+
       Total:                               18177   4569      944    
                                                                     
       Heap:                                0       0         8192   
       Stack:                               0       0         8192   
       Linker Generated:                    0       214       0      
    +--+------------------------------------+-------+---------+---------+
       Grand Total:                         71746   8167      214619 


LINKER GENERATED COPY TABLES

__TI_cinit_table @ 00013858 records: 2, size/record: 8, table size: 16
	.data: load addr=00013790, load size=000000b2 bytes, run addr=200343a8, run size=000002bc bytes, compression=lzss
	.bss: load addr=00013850, load size=00000008 bytes, run addr=20000000, run size=000303a1 bytes, compression=zero_init


LINKER GENERATED HANDLER TABLE

__TI_handler_table @ 00013844 records: 3, size/record: 4, table size: 12
	index: 0, handler: __TI_decompress_lzss
	index: 1, handler: __TI_decompress_none
	index: 2, handler: __TI_zero_init


GLOBAL SYMBOLS: SORTED ALPHABETICALLY BY Name 

address   name                           
-------   ----                           
00011a4f  C$$EXIT                        
0000fe8b  C$$IO$$                        
20030398  CFAF128128B0145T__boosterPack  
20030399  CFAF128128B0145T__csPin        
20030334  CFAF128128B0145T__csPort       
000112d9  CFAF128128B0145T__delay        
[...]
0000a925  ethernet_input                 
0000aa7d  mg_lwip_if_recved              
0000abd5  tcp_enqueue_flags              
0000ac81  tcp_zero_window_probe          
0000add9  dhcp_release                   
0000ae81  dhcp_start                     
0000af29  lwIPEthernetIntHandler         
0000afd1  ReadI2CRegister                
0000b075  mg_if_accept_new_conn          
0000b119  inet_chksum_pseudo             
0000b1b9  __aeabi_memcpy                 
0000b1b9  __aeabi_memcpy4                
0000b1b9  __aeabi_memcpy8                
0000b1b9  memcpy                         
0000b255  tcp_listen_with_backlog        
0000b2f1  xQueueGenericReset             
0000b425  __aeabi_uldivmod               
0000b4bd  vTaskMongoose                  
0000b551  pbuf_copy                      
0000b5e5  tcp_abandon                    
0000b675  tcp_rst                        
0000b795  xTaskPriorityDisinherit        
0000b825  mg_ev_mgr_lwip_process_signals 
0000b8b5  mg_sock_addr_to_str            
0000b945  fputc                          
0000b945  putc                           
0000b9d1  mg_if_sent_cb                  
0000bae9  cs_log_print_prefix            
0000bb71  mem_free                       
0000bbf9  sensorOpt3001Setup             
0000bc81  tmp006Init                     
0000bd09  __aeabi_cdcmpeq                
0000bd09  __aeabi_cdcmple                
0000bd8f  __aeabi_cdrcmple               
0000be15  WriteI2CRegister               
0000be99  WriteI2CRegisterTemp           
0000c025  tivaif_process_phy_interrupt   
0000c129  dhcp_renew                     
0000c1a9  ipaddr_ntoa_r                  
0000c229  lwIPHostTimerHandler           
0000c329  sys_sem_new                    
0000c3a9  tcp_bind                       
0000c429  autoip_arp_reply               
0000c5a1  fflush                         
0000c80d  __aeabi_memclr                 
0000c80d  __aeabi_memclr4                
0000c80d  __aeabi_memclr8                
0000c80f  __aeabi_memset                 
0000c80f  __aeabi_memset4                
0000c80f  __aeabi_memset8                
0000c815  memset                         
0000c889  EMACInit                       
0000c901  mg_mgr_poll                    
0000c979  sys_thread_new                 
0000ca69  CFAF128128B0145T__setWindow    
0000cadd  __TI_closefile                 
0000cbc5  mg_if_connect_cb               
0000cc39  raw_input                      
0000cd1d  memp_init                      
0000cf4d  sys_mbox_new                   
0000cfbd  tcp_fasttmr                    
0000d02d  vTaskStartScheduler            
0000d10b  __aeabi_d2f                    
0000d179  CFAF128128B0145T__writeData88  
0000d1e5  HOSTrename                     
0000d395  CFAF128128B0145T__writeData16  
0000d3fd  HOSTlseek                      
0000d465  IntEnable                      
0000d535  __TI_decompress_lzss           
0000d66d  mem_init                       
0000d73d  netif_set_ipaddr               
0000d7a5  sensorOpt3001Read              
0000d80d  sys_timeout                    
0000d8dd  tcp_process_refused_data       
0000d945  udp_bind                       
0000da13  pbuf_copy_partial              
0000da79  fprintf                        
0000dadd  frexp                          
0000dadd  frexpl                         
0000db41  fseek                          
0000dba5  pbuf_header                    
0000dc09  __TI_wrt_ok                    
0000dc6d  CFAF128128B0145T_rectangle     
0000dccd  HOSTopen                       
0000dd2d  UARTStdioConfig                
0000dd8d  mg_if_timer                    
0000dead  sys_timeouts_mbox_fetch        
0000df0d  xQueueGenericSendFromISR       
0000e029  xTaskCreate                    
0000e089  close                          
0000e141  tcp_keepalive                  
0000e19d  tcp_pcb_remove                 
0000e1f9  tcp_send_empty_ack             
0000e255  tcpip_callback_with_block      
0000e2b1  vTaskSwitchContext             
0000e30d  pbuf_realloc                   
0000e369  EMACPHYConfigSet               
0000e3c1  HOSTread                       
0000e419  HOSTwrite                      
0000e4c9  autoip_start                   
0000e521  memp_malloc                    
0000e579  mg_lwip_if_init                
0000e629  xTaskCheckForTimeOut           
0000e6d7  tcp_rexmit                     
0000e72d  CFAF128128B0145T__writeCommand 
0000e781  CFAF128128B0145T__writeData    
0000e7d5  __TI_ltoa                      
0000e829  cs_time                        
0000e87d  mg_coap_add_option             
0000e9c9  SysCtlPeripheralReset          
0000ea19  UARTwrite                      
0000ea69  mg_lwip_if_get_conn_addr       
0000eab9  netif_add                      
0000eb59  tcpip_init                     
0000ebf7  inet_chksum_pbuf               
0000ec45  pbuf_free                      
0000ec95  GPIOPinConfigure               
0000ece1  I2CMasterInitExpClk            
0000ed2d  __TI_doflush                   
0000ed79  atoi                           
0000edc5  coap_handler                   
0000ee11  ip_route                       
0000eea9  snprintf                       
0000eef5  tcpip_input                    
0000ef41  tivaif_interrupt               
0000ef8d  udp_connect                    
0000f025  vfprintf                       
0000f071  mg_coap_parse                  
0000f0bd  HOSTtime                       
0000f195  exit                           
0000f1dd  __aeabi_d2iz                   
0000f225  sys_untimeout                  
0000f2b5  tcp_rexmit_fast                
0000f345  vPortFree                      
0000f38d  vQueueWaitForMessageRestricted 
0000f41b  tcp_send_fin                   
0000f461  HOSTclose                      
0000f4a5  HOSTunlink                     
0000f4e9  __TI_auto_init_nobinit_nopinit 
0000f52d  cs_log_printf                  
0000f571  getdevice                      
0000f5b5  ip_output                      
0000f6c5  __aeabi_d2uiz                  
0000f709  sys_arch_mbox_fetch            
0000f74d  sys_timeouts_init              
0000f791  dhcp_network_changed           
0000f815  sys_arch_sem_wait              
0000f857  tcp_pcb_purge                  
0000f899  xQueueGenericCreate            
0000f8dd  etharp_tmr                     
0000f91d  mg_destroy_conn                
0000f95d  mg_hexdumpf                    
0000f9dd  __aeabi_uidiv                  
0000f9dd  __aeabi_uidivmod               
0000fa1d  sprintf                        
0000fa5d  vQueueAddToRegistry            
0000fa9d  vTaskPlaceOnEventListRestricted
0000fadd  xPortStartScheduler            
0000fb1d  xTimerCreateTimerTask          
0000fb9b  netif_set_link_up              
0000fbd9  CFAF128128B0145T_clear         
0000fc15  SSIConfigSetExpClk             
0000fc8d  dhcp_coarse_tmr                
0000fd05  sys_init                       
0000fd41  EMACIntEnable                  
0000fd7b  mg_lwip_post_signal            
0000fdb5  CFAF128128B0145T_setOrientation
0000fded  EMACConfigSet                  
0000fe25  SysCtlPeripheralReady          
0000fe5d  __TI_writemsg                  
0000fe8b  C$$IO$$                        
0000fe95  calloc                         
0000fecd  dhcp_fine_tmr                  
0000ff3d  dhcp_stop                      
0000ff75  memp_free                      
0000ffe5  __aeabi_f2d                    
0001001d  sscanf                         
0001008d  vListInsert                    
000100c5  mg_send                        
000100fb  strncpy                        
00010131  EMACConfigGet                  
00010165  EMACIntClear                   
00010199  SysCtlPeripheralDisable        
000101cd  SysCtlPeripheralEnable         
00010201  __TI_cleanup                   
00010235  __TI_readmsg                   
00010269  _c_int00_noargs                
000102d1  mg_conn_addr_to_str            
0001036d  tcp_timer_needed               
000103a1  tivaif_init                    
000103d5  udp_sendto                     
00010409  ip4_addr_isbroadcast           
0001043b  mg_ncasecmp                    
0001046d  tcp_recved                     
00010501  finddevice                     
00010531  mg_bind                        
00010561  tcp_update_rcv_ann_wnd         
00010591  udp_remove                     
000105c1  vTaskDelay                     
000105f1  mg_mgr_init                    
0001061f  __aeabi_i2d                    
0001064d  tcp_rexmit_rto                 
0001067b  CFAF128128B0145T_point         
000106a7  EMACIntStatus                  
000106d3  GPIODirModeSet                 
00010759  etharp_request                 
00010785  fclose                         
000107b1  mg_coap_send_message           
00010809  pbuf_dechain                   
00010861  pxPortInitialiseStack          
0001088d  strncmp                        
000108e5  sys_mbox_trypost               
00010911  remove                         
00010911  unlink                         
0001093d  xPortSysTickHandler            
000109bd  mg_match_prefix                
000109e7  pbuf_cat                       
00010a11  pbuf_coalesce                  
00010a65  etharp_cleanup_netif           
00010ab5  lseek                          
00010add  memmove                        
00010b05  mg_lwip_if_listen_tcp          
00010b2d  mg_lwip_if_listen_udp          
00010b55  mg_vcmp                        
00010bcd  write                          
00010bf5  EMACPHYRead                    
00010c1b  EMACPHYWrite                   
00010c67  mbuf_resize                    
00010cb3  tcp_recv_null                  
00010cd9  uxListRemove                   
00010d6d  memcmp                         
00010db5  netif_set_up                   
00010e21  tcp_seg_copy                   
00010e45  vTaskDisplay                   
00010e8b  CFAF128128B0145T__writeData8888
00010f0d  mbuf_remove                    
00010f2d  memchr                         
00010f4d  mg_lwip_accept_conn            
00010f8d  __aeabi_ui2d                   
00010fad  tcp_eff_send_mss               
00010fcd  tcp_tmr                        
00010fed  EMACAddrGet                    
0001100b  mg_if_accept_tcp_cb            
00011029  mg_if_poll                     
00011047  netif_set_down                 
00011065  _abort_msg                     
0001109d  lwIPLocalIPAddrGet             
000110b9  memccpy                        
000110d5  mg_lwip_if_create_conn         
000110f1  mg_lwip_if_remove_conn         
0001110d  mg_set_protocol_coap           
00011129  netif_set_addr                 
00011161  strdup                         
0001117d  udp_new                        
00011199  vPortEnterCritical             
000111b5  vPortSetupTimerInterrupt       
000111d1  vTaskPlaceOnEventList          
000111ed  GPIOPinTypeGPIOOutput          
00011207  UARTprintf                     
00011221  autoip_network_changed         
0001123b  copysign                       
0001123b  copysignl                      
00011255  dhcp_arp_reply                 
0001126f  lwip_htonl                     
0001126f  lwip_ntohl                     
00011289  mg_if_create_iface             
000112bd  sys_mbox_post                  
000112d9  CFAF128128B0145T__delay        
000113b1  mg_coap_free_options           
000113c9  mg_lwip_if_connect_tcp         
000113e1  __aeabi_lmul                   
000113f9  strcmp                         
00011411  strrchr                        
00011429  tcp_next_iss                   
00011441  tcp_seg_free                   
00011459  vListInsertEnd                 
00011471  vPortExitCritical              
00011489  vTaskInternalSetTimeOutState   
000114a1  EMACReset                      
000114b7  EMACRxEnable                   
000114cd  EMACTxEnable                   
000114e3  GPIOPinTypeEthernetLED         
000114f9  GPIOPinTypeI2C                 
0001150f  GPIOPinTypeI2CSCL              
00011525  GPIOPinTypeSSI                 
0001157d  mbuf_free                      
00011593  pbuf_ref                       
000115a9  strchr                         
000115bf  vListInitialise                
000115d5  FlashUserGet                   
000115e9  gettimeofday                   
000115fd  lwip_init                      
00011625  mg_lwip_if_tcp_send            
00011639  mg_lwip_if_udp_send            
00011661  strcpy                         
00011675  strlen                         
00011689  tcp_close                      
000116b1  SSIDataGetNonBlocking          
000116f9  netif_set_link_down            
0001170b  pbuf_clen                      
0001172f  wcslen                         
00011741  CFAF128128B0145T__writeRegister
00011751  EMACFrameFilterSet             
00011761  IntMasterEnable                
00011771  autoip_stop                    
00011791  inet_chksum                    
000117a1  mbuf_append                    
000117b1  mg_lwip_if_connect_udp         
000117c1  mg_lwip_if_free                
000117d1  mg_time                        
000117e1  pbuf_chain                     
00011801  tcp_segs_free                  
00011811  vTaskSuspendAll                
00011821  __time32                       
00011821  time                           
0001182f  __TI_decompress_none           
0001183d  mbuf_init                      
00011859  sys_sem_signal                 
00011867  CFAF128128B0145T__swapINT16    
00011875  CFAF128128B0145T_setFontSolid  
00011881  CFAF128128B0145T_setPenSolid   
0001188d  CPUcpsie                       
00011899  SysCtlMOSCConfigSet            
000118bd  __TI_zero_init                 
000118c9  ipaddr_ntoa                    
000118d5  lwip_htons                     
000118d5  lwip_ntohs                     
000118e1  mg_if_get_conn_addr            
000118ed  mg_lwip_handle_accept          
000118f9  netif_set_default              
00011905  netif_set_gw                   
00011911  netif_set_netmask              
0001191d  vTaskMissedYield               
00011929  xTaskGetTickCount              
00011935  I2CMasterEnable                
0001193f  SSIDataPut                     
00011949  SSIDisable                     
00011953  SSIEnable                      
00011967  sys_arch_protect               
00011971  sys_mbox_valid                 
0001197b  EMACPowerManagementStatusGet   
00011983  EMACTxDMAPollDemand            
0001198b  I2CMasterBusy                  
00011993  I2CMasterSlaveAddrSet          
0001199b  SSIBusy                        
000119a5  __aeabi_errno_addr             
000119b5  icmp_dest_unreach              
000119bd  malloc                         
000119c5  mg_next                        
000119cd  tcp_recved_tcpip               
000119d5  EMACRxDMADescriptorListSet     
000119db  EMACTimestampIntStatus         
000119e1  EMACTxDMADescriptorListSet     
000119e7  GPIOPinWrite                   
000119ed  ResetISR                       
000119f3  SysCtlDelay                    
000119f9  mbuf_trim                      
000119ff  mg_resolve_from_hosts_file     
00011a05  tcp_abort                      
00011a11  tcp_err                        
00011a17  tcp_new                        
00011a1d  tcp_recv                       
00011a23  udp_recv                       
00011a29  vListInitialiseItem            
00011a2f  I2CMasterControl               
00011a33  I2CMasterDataGet               
00011a37  I2CMasterDataPut               
00011a4b  _system_pre_init               
00011a4f  C$$EXIT                        
00011a4f  abort                          
00011a53  mg_lwip_if_sock_set            
00011a5b  sys_arch_unprotect             
00011a5f  tcp_accept                     
00011a63  tcp_arg                        
00011a6f  tcp_sent                       
00013168  _ctypes_                       
00013269  tcp_persist_backoff            
00013434  mg_default_iface_vtable        
000136d0  tcp_pcb_lists                  
0001370b  tcp_backoff                    
00013770  ethbroadcast                   
00013776  ethzero                        
0001377c  ip_addr_any                    
00013780  ip_addr_broadcast              
00013784  ulMaxSyscallInterruptPriority  
00013788  uxTopUsedPriority              
00013844  __TI_Handler_Table_Base        
00013850  __TI_Handler_Table_Limit       
00013858  __TI_CINIT_Base                
00013868  __TI_CINIT_Limit               
20000000  __start___llvm_prf_cnts        
20000000  __stop___llvm_prf_cnts         
20018000  ram_heap                       
2002f530  g_pTxDescriptors               
2002fab0  lwip_stats                     
2002fc04  __CIOBUF_                      
2002fd24  g_pRxDescriptors               
2002ff0c  __TI_tmpnams                   
20030140  xQueueRegistry                 
20030210  dhcp_rx_options_val            
200302c4  luxBuffer                      
20030304  dhcp_rx_options_given          
20030328  parmbuf                        
20030334  CFAF128128B0145T__csPort       
20030338  CFAF128128B0145T__rsPort       
2003033c  CFAF128128B0145T__rstPort      
20030340  CFAF128128B0145T__spiClock     
20030344  CFAF128128B0145T__spiDevice    
20030348  CFAF128128B0145T__sysClock     
2003034c  current_header                 
20030350  current_iphdr_dest             
20030354  current_iphdr_src              
20030358  current_netif                  
2003035c  g_pfnTimerHandler              
20030360  g_ui32AbnormalInts             
20030364  g_ui32IPAddress                
20030368  g_ui32NormalInts               
2003036c  g_ui32SysClock                 
20030370  netif_default                  
20030374  netif_list                     
20030378  tcp_active_pcbs                
2003037c  tcp_bound_pcbs                 
20030380  tcp_input_pcb                  
20030384  tcp_listen_pcbs                
20030388  tcp_ticks                      
2003038c  tcp_tmp_pcb                    
20030390  tcp_tw_pcbs                    
20030394  udp_pcbs                       
20030398  CFAF128128B0145T__boosterPack  
20030399  CFAF128128B0145T__csPin        
2003039a  CFAF128128B0145T__fontSolid    
2003039b  CFAF128128B0145T__orientation  
2003039c  CFAF128128B0145T__penSolid     
2003039d  CFAF128128B0145T__rsPin        
2003039e  CFAF128128B0145T__rstPin       
2003039f  pbuf_free_ooseq_pending        
200303a0  tcp_active_pcbs_changed        
200303a8  __stack                        
20030ba8  __STACK_TOP                    
200323a8  __STACK_END                    
200323a8  _sys_memory                    
200343a8  _ftable                        
20034498  _device                        
20034510  _stream                        
20034560  pxCurrentTCB                   
20034594  cs_log_threshold               
2003459c  cs_log_file                    
200345a0  cs_log_cur_msg_level           
200345a4  mg_num_ifaces                  
200345e0  g_RxDescList                   
200345f0  g_TxDescList                   
20034600  __TI_ft_end                    
20034604  __aeabi_stdin                  
20034608  __aeabi_stdout                 
2003460c  __aeabi_stderr                 
20034610  __TI_cleanup_ptr               
20034614  __TI_dtors_ptr                 
20034618  __TI_enable_exit_profile_output
20034634  _lock                          
20034638  _unlock                        
20034649  old_color                      
2003464c  s_default_address              
20034650  color                          
20034652  localMessageID                 
20034654  LuxSensorValue                 
20034658  mg_ifaces                      
20034660  errno                          
ffffffff  __TI_pprof_out_hndl            
ffffffff  __TI_prof_data_size            
ffffffff  __TI_prof_data_start           
ffffffff  __binit__                      
ffffffff  __c_args__                     
ffffffff  binit                          
UNDEFED   __mpu_init                     
UNDEFED   _system_post_cinit             

[564 symbols]
